// Jest Snapshot v1, https://goo.gl/fbAQLP

exports[`renders correctly 1`] = `
<RCTScrollView
  ItemSeparatorComponent={[Function]}
  data={
    Array [
      Object {
        "date": "2018.5.15",
        "description": "デザインのいい仕事場。 WORK IS FUN! 仕事、はかどってますか？ いいアイデアが出ないのは、 ワーキングスペースの。 WORK IS FUN! 仕事、はかどってますか？ いいアイデアが出ないのは、 ワーキングスペースの",
        "image": Object {
          "testUri": "../../../src/assets/images/dummy/cover-1.png",
        },
        "month": 1,
        "title": "雑誌タイトル",
      },
      Object {
        "date": "2018.5.15",
        "description": "デザインのいい仕事場。 WORK IS FUN! 仕事、はかどってますか？ いいアイデアが出ないのは、 ワーキングスペースの。 WORK IS FUN! 仕事、はかどってますか？ いいアイデアが出ないのは、 ワーキングスペースの",
        "image": Object {
          "testUri": "../../../src/assets/images/dummy/cover-3.png",
        },
        "month": 1,
        "title": "雑誌タイトル",
      },
      Object {
        "date": "2018.5.15",
        "description": "デザインのいい仕事場。 WORK IS FUN! 仕事、はかどってますか？ いいアイデアが出ないのは、 ワーキングスペースの。 WORK IS FUN! 仕事、はかどってますか？ いいアイデアが出ないのは、 ワーキングスペースの",
        "image": Object {
          "testUri": "../../../src/assets/images/dummy/cover-33.png",
        },
        "month": 1,
        "title": "雑誌タイトル",
      },
      Object {
        "date": "2018.5.15",
        "description": "デザインのいい仕事場。 WORK IS FUN! 仕事、はかどってますか？ いいアイデアが出ないのは、 ワーキングスペースの。 WORK IS FUN! 仕事、はかどってますか？ いいアイデアが出ないのは、 ワーキングスペースの",
        "image": Object {
          "testUri": "../../../src/assets/images/dummy/cover-15.png",
        },
        "month": 1,
        "title": "雑誌タイトル",
      },
      Object {
        "date": "2018.5.15",
        "description": "デザインのいい仕事場。 WORK IS FUN! 仕事、はかどってますか？ いいアイデアが出ないのは、 ワーキングスペースの。 WORK IS FUN! 仕事、はかどってますか？ いいアイデアが出ないのは、 ワーキングスペースの",
        "image": Object {
          "testUri": "../../../src/assets/images/dummy/cover-13.png",
        },
        "month": 1,
        "title": "雑誌タイトル",
      },
      Object {
        "date": "2018.5.15",
        "description": "デザインのいい仕事場。 WORK IS FUN! 仕事、はかどってますか？ いいアイデアが出ないのは、 ワーキングスペースの。 WORK IS FUN! 仕事、はかどってますか？ いいアイデアが出ないのは、 ワーキングスペースの",
        "image": Object {
          "testUri": "../../../src/assets/images/dummy/cover-20.png",
        },
        "month": 1,
        "title": "雑誌タイトル",
      },
    ]
  }
  disableVirtualization={false}
  getItem={[Function]}
  getItemCount={[Function]}
  horizontal={false}
  initialNumToRender={10}
  keyExtractor={[Function]}
  maxToRenderPerBatch={10}
  numColumns={1}
  onContentSizeChange={[Function]}
  onEndReachedThreshold={2}
  onLayout={[Function]}
  onMomentumScrollEnd={[Function]}
  onScroll={[Function]}
  onScrollBeginDrag={[Function]}
  onScrollEndDrag={[Function]}
  renderItem={[Function]}
  scrollEventThrottle={50}
  stickyHeaderIndices={Array []}
  style={
    Object {
      "backgroundColor": "#ffffff",
      "flex": 1,
    }
  }
  updateCellsBatchingPeriod={50}
  viewabilityConfigCallbackPairs={Array []}
  windowSize={21}
>
  <View>
    <View
      onLayout={[Function]}
      style={null}
    >
      <View
        accessible={true}
        isTVSelectable={true}
        onResponderGrant={[Function]}
        onResponderMove={[Function]}
        onResponderRelease={[Function]}
        onResponderTerminate={[Function]}
        onResponderTerminationRequest={[Function]}
        onStartShouldSetResponder={[Function]}
        style={
          Object {
            "flexDirection": "row",
            "height": 156,
            "opacity": 1,
            "padding": 15,
          }
        }
      >
        <Image
          resizeMode="contain"
          source={
            Object {
              "testUri": "../../../src/assets/images/dummy/cover-1.png",
            }
          }
          style={
            Object {
              "backgroundColor": "#f7f7f7",
              "height": 126,
              "width": 100,
            }
          }
        />
        <View
          style={
            Object {
              "flex": 1,
              "justifyContent": "center",
              "marginLeft": 15,
            }
          }
        >
          <Text
            accessible={true}
            allowFontScaling={true}
            ellipsizeMode="tail"
            style={
              Object {
                "color": "#000000",
                "fontSize": 14,
                "fontWeight": "bold",
              }
            }
          >
            雑誌タイトル  [missing "en.ranking_month" translation]
          </Text>
          <Text
            accessible={true}
            allowFontScaling={true}
            ellipsizeMode="tail"
            numberOfLines={3}
            style={
              Object {
                "color": "#333333",
                "fontSize": 12,
                "marginVertical": 10,
              }
            }
          >
            デザインのいい仕事場。 WORK IS FUN! 仕事、はかどってますか？ いいアイデアが出ないのは、 ワーキングスペースの。 WORK IS FUN! 仕事、はかどってますか？ いいアイデアが出ないのは、 ワーキングスペースの
          </Text>
          <View
            style={
              Object {
                "alignItems": "center",
                "flexDirection": "row",
              }
            }
          >
            <Text
              accessible={true}
              allowFontScaling={true}
              ellipsizeMode="tail"
              style={
                Object {
                  "color": "#666666",
                  "fontSize": 11,
                }
              }
            >
              [missing "en.ranking_deliver" translation]
            </Text>
            <View
              style={
                Object {
                  "alignItems": "center",
                  "borderColor": "#e62222",
                  "borderWidth": 1,
                  "height": 12,
                  "justifyContent": "center",
                  "marginLeft": 10,
                  "width": 27,
                }
              }
            >
              <Text
                accessible={true}
                allowFontScaling={true}
                ellipsizeMode="tail"
                style={
                  Object {
                    "color": "#e62222",
                    "fontSize": 8,
                  }
                }
              >
                NEW
              </Text>
            </View>
          </View>
        </View>
      </View>
      <View
        style={
          Object {
            "backgroundColor": "#eaebed",
            "height": 1,
          }
        }
      />
    </View>
    <View
      onLayout={[Function]}
      style={null}
    >
      <View
        accessible={true}
        isTVSelectable={true}
        onResponderGrant={[Function]}
        onResponderMove={[Function]}
        onResponderRelease={[Function]}
        onResponderTerminate={[Function]}
        onResponderTerminationRequest={[Function]}
        onStartShouldSetResponder={[Function]}
        style={
          Object {
            "flexDirection": "row",
            "height": 156,
            "opacity": 1,
            "padding": 15,
          }
        }
      >
        <Image
          resizeMode="contain"
          source={
            Object {
              "testUri": "../../../src/assets/images/dummy/cover-3.png",
            }
          }
          style={
            Object {
              "backgroundColor": "#f7f7f7",
              "height": 126,
              "width": 100,
            }
          }
        />
        <View
          style={
            Object {
              "flex": 1,
              "justifyContent": "center",
              "marginLeft": 15,
            }
          }
        >
          <Text
            accessible={true}
            allowFontScaling={true}
            ellipsizeMode="tail"
            style={
              Object {
                "color": "#000000",
                "fontSize": 14,
                "fontWeight": "bold",
              }
            }
          >
            雑誌タイトル  [missing "en.ranking_month" translation]
          </Text>
          <Text
            accessible={true}
            allowFontScaling={true}
            ellipsizeMode="tail"
            numberOfLines={3}
            style={
              Object {
                "color": "#333333",
                "fontSize": 12,
                "marginVertical": 10,
              }
            }
          >
            デザインのいい仕事場。 WORK IS FUN! 仕事、はかどってますか？ いいアイデアが出ないのは、 ワーキングスペースの。 WORK IS FUN! 仕事、はかどってますか？ いいアイデアが出ないのは、 ワーキングスペースの
          </Text>
          <View
            style={
              Object {
                "alignItems": "center",
                "flexDirection": "row",
              }
            }
          >
            <Text
              accessible={true}
              allowFontScaling={true}
              ellipsizeMode="tail"
              style={
                Object {
                  "color": "#666666",
                  "fontSize": 11,
                }
              }
            >
              [missing "en.ranking_deliver" translation]
            </Text>
            <View
              style={
                Object {
                  "alignItems": "center",
                  "borderColor": "#e62222",
                  "borderWidth": 1,
                  "height": 12,
                  "justifyContent": "center",
                  "marginLeft": 10,
                  "width": 27,
                }
              }
            >
              <Text
                accessible={true}
                allowFontScaling={true}
                ellipsizeMode="tail"
                style={
                  Object {
                    "color": "#e62222",
                    "fontSize": 8,
                  }
                }
              >
                NEW
              </Text>
            </View>
          </View>
        </View>
      </View>
      <View
        style={
          Object {
            "backgroundColor": "#eaebed",
            "height": 1,
          }
        }
      />
    </View>
    <View
      onLayout={[Function]}
      style={null}
    >
      <View
        accessible={true}
        isTVSelectable={true}
        onResponderGrant={[Function]}
        onResponderMove={[Function]}
        onResponderRelease={[Function]}
        onResponderTerminate={[Function]}
        onResponderTerminationRequest={[Function]}
        onStartShouldSetResponder={[Function]}
        style={
          Object {
            "flexDirection": "row",
            "height": 156,
            "opacity": 1,
            "padding": 15,
          }
        }
      >
        <Image
          resizeMode="contain"
          source={
            Object {
              "testUri": "../../../src/assets/images/dummy/cover-33.png",
            }
          }
          style={
            Object {
              "backgroundColor": "#f7f7f7",
              "height": 126,
              "width": 100,
            }
          }
        />
        <View
          style={
            Object {
              "flex": 1,
              "justifyContent": "center",
              "marginLeft": 15,
            }
          }
        >
          <Text
            accessible={true}
            allowFontScaling={true}
            ellipsizeMode="tail"
            style={
              Object {
                "color": "#000000",
                "fontSize": 14,
                "fontWeight": "bold",
              }
            }
          >
            雑誌タイトル  [missing "en.ranking_month" translation]
          </Text>
          <Text
            accessible={true}
            allowFontScaling={true}
            ellipsizeMode="tail"
            numberOfLines={3}
            style={
              Object {
                "color": "#333333",
                "fontSize": 12,
                "marginVertical": 10,
              }
            }
          >
            デザインのいい仕事場。 WORK IS FUN! 仕事、はかどってますか？ いいアイデアが出ないのは、 ワーキングスペースの。 WORK IS FUN! 仕事、はかどってますか？ いいアイデアが出ないのは、 ワーキングスペースの
          </Text>
          <View
            style={
              Object {
                "alignItems": "center",
                "flexDirection": "row",
              }
            }
          >
            <Text
              accessible={true}
              allowFontScaling={true}
              ellipsizeMode="tail"
              style={
                Object {
                  "color": "#666666",
                  "fontSize": 11,
                }
              }
            >
              [missing "en.ranking_deliver" translation]
            </Text>
            <View
              style={
                Object {
                  "alignItems": "center",
                  "borderColor": "#e62222",
                  "borderWidth": 1,
                  "height": 12,
                  "justifyContent": "center",
                  "marginLeft": 10,
                  "width": 27,
                }
              }
            >
              <Text
                accessible={true}
                allowFontScaling={true}
                ellipsizeMode="tail"
                style={
                  Object {
                    "color": "#e62222",
                    "fontSize": 8,
                  }
                }
              >
                NEW
              </Text>
            </View>
          </View>
        </View>
      </View>
      <View
        style={
          Object {
            "backgroundColor": "#eaebed",
            "height": 1,
          }
        }
      />
    </View>
    <View
      onLayout={[Function]}
      style={null}
    >
      <View
        accessible={true}
        isTVSelectable={true}
        onResponderGrant={[Function]}
        onResponderMove={[Function]}
        onResponderRelease={[Function]}
        onResponderTerminate={[Function]}
        onResponderTerminationRequest={[Function]}
        onStartShouldSetResponder={[Function]}
        style={
          Object {
            "flexDirection": "row",
            "height": 156,
            "opacity": 1,
            "padding": 15,
          }
        }
      >
        <Image
          resizeMode="contain"
          source={
            Object {
              "testUri": "../../../src/assets/images/dummy/cover-15.png",
            }
          }
          style={
            Object {
              "backgroundColor": "#f7f7f7",
              "height": 126,
              "width": 100,
            }
          }
        />
        <View
          style={
            Object {
              "flex": 1,
              "justifyContent": "center",
              "marginLeft": 15,
            }
          }
        >
          <Text
            accessible={true}
            allowFontScaling={true}
            ellipsizeMode="tail"
            style={
              Object {
                "color": "#000000",
                "fontSize": 14,
                "fontWeight": "bold",
              }
            }
          >
            雑誌タイトル  [missing "en.ranking_month" translation]
          </Text>
          <Text
            accessible={true}
            allowFontScaling={true}
            ellipsizeMode="tail"
            numberOfLines={3}
            style={
              Object {
                "color": "#333333",
                "fontSize": 12,
                "marginVertical": 10,
              }
            }
          >
            デザインのいい仕事場。 WORK IS FUN! 仕事、はかどってますか？ いいアイデアが出ないのは、 ワーキングスペースの。 WORK IS FUN! 仕事、はかどってますか？ いいアイデアが出ないのは、 ワーキングスペースの
          </Text>
          <View
            style={
              Object {
                "alignItems": "center",
                "flexDirection": "row",
              }
            }
          >
            <Text
              accessible={true}
              allowFontScaling={true}
              ellipsizeMode="tail"
              style={
                Object {
                  "color": "#666666",
                  "fontSize": 11,
                }
              }
            >
              [missing "en.ranking_deliver" translation]
            </Text>
            <View
              style={
                Object {
                  "alignItems": "center",
                  "borderColor": "#e62222",
                  "borderWidth": 1,
                  "height": 12,
                  "justifyContent": "center",
                  "marginLeft": 10,
                  "width": 27,
                }
              }
            >
              <Text
                accessible={true}
                allowFontScaling={true}
                ellipsizeMode="tail"
                style={
                  Object {
                    "color": "#e62222",
                    "fontSize": 8,
                  }
                }
              >
                NEW
              </Text>
            </View>
          </View>
        </View>
      </View>
      <View
        style={
          Object {
            "backgroundColor": "#eaebed",
            "height": 1,
          }
        }
      />
    </View>
    <View
      onLayout={[Function]}
      style={null}
    >
      <View
        accessible={true}
        isTVSelectable={true}
        onResponderGrant={[Function]}
        onResponderMove={[Function]}
        onResponderRelease={[Function]}
        onResponderTerminate={[Function]}
        onResponderTerminationRequest={[Function]}
        onStartShouldSetResponder={[Function]}
        style={
          Object {
            "flexDirection": "row",
            "height": 156,
            "opacity": 1,
            "padding": 15,
          }
        }
      >
        <Image
          resizeMode="contain"
          source={
            Object {
              "testUri": "../../../src/assets/images/dummy/cover-13.png",
            }
          }
          style={
            Object {
              "backgroundColor": "#f7f7f7",
              "height": 126,
              "width": 100,
            }
          }
        />
        <View
          style={
            Object {
              "flex": 1,
              "justifyContent": "center",
              "marginLeft": 15,
            }
          }
        >
          <Text
            accessible={true}
            allowFontScaling={true}
            ellipsizeMode="tail"
            style={
              Object {
                "color": "#000000",
                "fontSize": 14,
                "fontWeight": "bold",
              }
            }
          >
            雑誌タイトル  [missing "en.ranking_month" translation]
          </Text>
          <Text
            accessible={true}
            allowFontScaling={true}
            ellipsizeMode="tail"
            numberOfLines={3}
            style={
              Object {
                "color": "#333333",
                "fontSize": 12,
                "marginVertical": 10,
              }
            }
          >
            デザインのいい仕事場。 WORK IS FUN! 仕事、はかどってますか？ いいアイデアが出ないのは、 ワーキングスペースの。 WORK IS FUN! 仕事、はかどってますか？ いいアイデアが出ないのは、 ワーキングスペースの
          </Text>
          <View
            style={
              Object {
                "alignItems": "center",
                "flexDirection": "row",
              }
            }
          >
            <Text
              accessible={true}
              allowFontScaling={true}
              ellipsizeMode="tail"
              style={
                Object {
                  "color": "#666666",
                  "fontSize": 11,
                }
              }
            >
              [missing "en.ranking_deliver" translation]
            </Text>
            <View
              style={
                Object {
                  "alignItems": "center",
                  "borderColor": "#e62222",
                  "borderWidth": 1,
                  "height": 12,
                  "justifyContent": "center",
                  "marginLeft": 10,
                  "width": 27,
                }
              }
            >
              <Text
                accessible={true}
                allowFontScaling={true}
                ellipsizeMode="tail"
                style={
                  Object {
                    "color": "#e62222",
                    "fontSize": 8,
                  }
                }
              >
                NEW
              </Text>
            </View>
          </View>
        </View>
      </View>
      <View
        style={
          Object {
            "backgroundColor": "#eaebed",
            "height": 1,
          }
        }
      />
    </View>
    <View
      onLayout={[Function]}
      style={null}
    >
      <View
        accessible={true}
        isTVSelectable={true}
        onResponderGrant={[Function]}
        onResponderMove={[Function]}
        onResponderRelease={[Function]}
        onResponderTerminate={[Function]}
        onResponderTerminationRequest={[Function]}
        onStartShouldSetResponder={[Function]}
        style={
          Object {
            "flexDirection": "row",
            "height": 156,
            "opacity": 1,
            "padding": 15,
          }
        }
      >
        <Image
          resizeMode="contain"
          source={
            Object {
              "testUri": "../../../src/assets/images/dummy/cover-20.png",
            }
          }
          style={
            Object {
              "backgroundColor": "#f7f7f7",
              "height": 126,
              "width": 100,
            }
          }
        />
        <View
          style={
            Object {
              "flex": 1,
              "justifyContent": "center",
              "marginLeft": 15,
            }
          }
        >
          <Text
            accessible={true}
            allowFontScaling={true}
            ellipsizeMode="tail"
            style={
              Object {
                "color": "#000000",
                "fontSize": 14,
                "fontWeight": "bold",
              }
            }
          >
            雑誌タイトル  [missing "en.ranking_month" translation]
          </Text>
          <Text
            accessible={true}
            allowFontScaling={true}
            ellipsizeMode="tail"
            numberOfLines={3}
            style={
              Object {
                "color": "#333333",
                "fontSize": 12,
                "marginVertical": 10,
              }
            }
          >
            デザインのいい仕事場。 WORK IS FUN! 仕事、はかどってますか？ いいアイデアが出ないのは、 ワーキングスペースの。 WORK IS FUN! 仕事、はかどってますか？ いいアイデアが出ないのは、 ワーキングスペースの
          </Text>
          <View
            style={
              Object {
                "alignItems": "center",
                "flexDirection": "row",
              }
            }
          >
            <Text
              accessible={true}
              allowFontScaling={true}
              ellipsizeMode="tail"
              style={
                Object {
                  "color": "#666666",
                  "fontSize": 11,
                }
              }
            >
              [missing "en.ranking_deliver" translation]
            </Text>
            <View
              style={
                Object {
                  "alignItems": "center",
                  "borderColor": "#e62222",
                  "borderWidth": 1,
                  "height": 12,
                  "justifyContent": "center",
                  "marginLeft": 10,
                  "width": 27,
                }
              }
            >
              <Text
                accessible={true}
                allowFontScaling={true}
                ellipsizeMode="tail"
                style={
                  Object {
                    "color": "#e62222",
                    "fontSize": 8,
                  }
                }
              >
                NEW
              </Text>
            </View>
          </View>
        </View>
      </View>
    </View>
  </View>
</RCTScrollView>
`;
