exports[`renders correctly 1`] = `
<Image
  source={
    Object {
      "process": [Function],
    }
  }
/>
`;
