// Jest Snapshot v1, https://goo.gl/fbAQLP

exports[`renders correctly 1`] = `
<View
  style={
    Object {
      "flex": 1,
    }
  }
>
  <View
    pointerEvents="none"
    style={
      Object {
        "bottom": 0,
        "left": 0,
        "opacity": 0,
        "position": "absolute",
        "right": 0,
        "top": 0,
      }
    }
  >
    <View
      isActive={false}
    />
  </View>
  <View
    pointerEvents="none"
    style={
      Object {
        "bottom": 0,
        "left": 0,
        "opacity": 0,
        "position": "absolute",
        "right": 0,
        "top": 0,
      }
    }
  >
    <View
      isActive={false}
    />
  </View>
  <View
    pointerEvents="none"
    style={
      Object {
        "bottom": 0,
        "left": 0,
        "opacity": 0,
        "position": "absolute",
        "right": 0,
        "top": 0,
      }
    }
  >
    <View
      isActive={false}
    />
  </View>
</View>
`;
