// Jest Snapshot v1, https://goo.gl/fbAQLP

exports[`renders correctly 1`] = `
<RCTSafeAreaView
  style={
    Object {
      "backgroundColor": "#f7f7f7",
      "borderTopColor": "#dddddd",
      "borderTopWidth": 1,
    }
  }
>
  <View
    style={
      Object {
        "alignItems": "center",
        "backgroundColor": "#f7f7f7",
        "flexDirection": "row",
        "height": 56,
        "justifyContent": "center",
        "width": "100%",
      }
    }
  >
    <View
      accessible={true}
      onResponderGrant={[Function]}
      onResponderMove={[Function]}
      onResponderRelease={[Function]}
      onResponderTerminate={[Function]}
      onResponderTerminationRequest={[Function]}
      onStartShouldSetResponder={[Function]}
      style={
        Object {
          "alignItems": "center",
          "flex": 1,
          "height": "100%",
          "justifyContent": "center",
          "width": 62,
        }
      }
    >
      <Image
        source={456}
        style={
          Object {
            "marginBottom": 2,
          }
        }
      />
      <Text
        accessible={true}
        allowFontScaling={true}
        ellipsizeMode="tail"
        style={
          Object {
            "color": "#004098",
            "fontSize": 9,
          }
        }
      >
        Title
      </Text>
    </View>
  </View>
</RCTSafeAreaView>
`;
