// Jest Snapshot v1, https://goo.gl/fbAQLP

exports[`renders correctly 1`] = `
<View
  onLayout={[Function]}
  style={
    Array [
      Object {
        "flex": 1,
      },
    ]
  }
>
  <View
    onMoveShouldSetResponder={[Function]}
    onMoveShouldSetResponderCapture={[Function]}
    onResponderEnd={[Function]}
    onResponderGrant={[Function]}
    onResponderMove={[Function]}
    onResponderReject={[Function]}
    onResponderRelease={[Function]}
    onResponderStart={[Function]}
    onResponderTerminate={[Function]}
    onResponderTerminationRequest={[Function]}
    onStartShouldSetResponder={[Function]}
    onStartShouldSetResponderCapture={[Function]}
    style={
      Array [
        Object {
          "flex": 1,
          "flexDirection": "column-reverse",
        },
        Object {
          "backgroundColor": "#000",
        },
      ]
    }
  >
    <View
      style={
        Object {
          "flex": 1,
        }
      }
    >
      <View
        pointerEvents="auto"
        style={
          Object {
            "backgroundColor": "#E9E9EF",
            "bottom": 0,
            "left": 0,
            "opacity": 1,
            "position": "absolute",
            "right": 0,
            "shadowColor": "black",
            "shadowOffset": Object {
              "height": 0,
              "width": 0,
            },
            "shadowOpacity": 0.2,
            "shadowRadius": 5,
            "top": 0,
            "transform": Array [
              Object {
                "translateX": 0,
              },
              Object {
                "translateY": 0,
              },
            ],
          }
        }
      >
        <View
          style={
            Object {
              "backgroundColor": "#fff",
              "flex": 1,
            }
          }
        >
          <Text
            accessible={true}
            allowFontScaling={true}
            ellipsizeMode="tail"
          >
            T.B.D
          </Text>
          <Text
            accessible={true}
            allowFontScaling={true}
            ellipsizeMode="tail"
          />
        </View>
      </View>
    </View>
    <View
      backButtonTintColor="#2f3f62"
      backButtonTitle=" "
      cards={
        Array [
          Object {
            "component": [Function],
            "exact": true,
            "key": "/member/favorite",
            "path": "/member/favorite",
          },
        ]
      }
      configureTransition={[Function]}
      getScreenDetails={[Function]}
      history={
        Object {
          "action": "POP",
          "block": [Function],
          "canGo": [Function],
          "createHref": [Function],
          "entries": Array [
            Object {
              "hash": "",
              "key": "jzzz2e",
              "pathname": "/member/favorite",
              "search": "",
              "state": undefined,
            },
          ],
          "go": [Function],
          "goBack": [Function],
          "goForward": [Function],
          "index": 0,
          "length": 1,
          "listen": [Function],
          "location": Object {
            "hash": "",
            "key": "jzzz2e",
            "pathname": "/member/favorite",
            "search": "",
            "state": undefined,
          },
          "push": [Function],
          "replace": [Function],
        }
      }
      index={0}
      layout={
        Object {
          "height": 0,
          "initHeight": 0,
          "initWidth": 0,
          "isMeasured": false,
          "width": 0,
        }
      }
      leftInterpolator={[Function]}
      mode="float"
      navBarStyle={
        Object {
          "backgroundColor": "#ffffff",
        }
      }
      navigation={
        Object {
          "dispatch": [Function],
          "goBack": [Function],
          "navigate": [Function],
          "setParams": [Function],
          "state": Object {
            "index": 0,
            "routes": Array [
              Object {
                "key": "/member/favorite@@.555555",
                "match": Object {
                  "isExact": true,
                  "params": Object {},
                  "path": "/member/favorite",
                  "url": "/member/favorite",
                },
                "routeName": "/member/favorite",
              },
            ],
          },
        }
      }
      navigationState={
        Object {
          "index": 0,
          "routes": Array [
            Object {
              "key": "/member/favorite@@.555555",
              "match": Object {
                "isExact": true,
                "params": Object {},
                "path": "/member/favorite",
                "url": "/member/favorite",
              },
              "routeName": "/member/favorite",
            },
          ],
        }
      }
      onNavigateBack={[Function]}
      renderHeader={[Function]}
      renderSceneComponent={[Function]}
      rightInterpolator={[Function]}
      titleInterpolator={[Function]}
      titleStyle={
        Object {
          "color": "#2f3f62",
          "fontSize": 16,
          "fontWeight": "bold",
        }
      }
    >
      <View
        onLayout={[Function]}
        style={
          Object {
            "backgroundColor": "#ffffff",
            "borderBottomColor": "rgba(0, 0, 0, .3)",
            "borderBottomWidth": 0.5,
            "height": 64,
            "paddingBottom": 0,
            "paddingLeft": 0,
            "paddingRight": 0,
            "paddingTop": 20,
          }
        }
      >
        <View
          style={
            Object {
              "flex": 1,
            }
          }
        >
          <View
            style={
              Array [
                Object {
                  "bottom": 0,
                  "left": 0,
                  "position": "absolute",
                  "right": 0,
                  "top": 0,
                },
                Object {
                  "flexDirection": "row",
                },
              ]
            }
          >
            <View
              pointerEvents="box-none"
              style={
                Object {
                  "alignItems": "center",
                  "backgroundColor": "transparent",
                  "bottom": 0,
                  "justifyContent": "center",
                  "left": 0,
                  "opacity": 1,
                  "position": "absolute",
                  "right": 0,
                  "top": 0,
                  "transform": Array [
                    Object {
                      "translateX": 0,
                    },
                  ],
                }
              }
            >
              <Text
                accessibilityTraits="header"
                accessible={true}
                allowFontScaling={true}
                ellipsizeMode="tail"
                numberOfLines={1}
                style={
                  Object {
                    "color": "#2f3f62",
                    "fontSize": 16,
                    "fontWeight": "bold",
                    "marginHorizontal": 16,
                    "textAlign": "center",
                  }
                }
              />
            </View>
          </View>
        </View>
      </View>
    </View>
  </View>
</View>
`;
